// Vitest Snapshot v1, https://vitest.dev/guide/snapshot.html

exports[`resources types sort order 1`] = `
[
  {
    "id": "urn:resourcetype:learningPath",
    "name": "Læringssti",
  },
  {
    "id": "urn:resourcetype:subjectMaterial",
    "name": "Fagstoff",
    "subtypes": [
      {
        "id": "urn:resourcetype:academicArticle",
        "name": "Fagartikkel",
      },
      {
        "id": "urn:resourcetype:movieAndClip",
        "name": "Film og filmklipp",
      },
      {
        "id": "urn:resourcetype:simulation",
        "name": "Simulering",
      },
    ],
  },
  {
    "id": "urn:resourcetype:tasksAndActivities",
    "name": "Oppgaver og aktiviteter",
    "subtypes": [
      {
        "id": "urn:resourcetype:exercise",
        "name": "Øvelse",
      },
      {
        "id": "urn:resourcetype:task",
        "name": "Oppgave",
      },
      {
        "id": "urn:resourcetype:workAssignment",
        "name": "Arbeidsoppdrag",
      },
    ],
  },
  {
    "id": "urn:resourcetype:reviewResource",
    "name": "Vurderingsressurs",
  },
  {
    "id": "urn:resourcetype:SourceMaterial",
    "name": "Kildemateriale",
  },
  {
    "id": "urn:resourcetype:concept",
    "name": "Forklaring",
    "subtypes": [
      {
        "id": "urn:resourcetype:conceptArticle",
        "name": "Forklaringsartikkel",
      },
    ],
  },
]
`;
