// Vitest Snapshot v1, https://vitest.dev/guide/snapshot.html

exports[`ErrorPage renderers correctly 1`] = `
<DocumentFragment>
  <header
    class="bg_surface.default z_banner bx-sh_inner [@media_screen_and_(max-resolution:_3x)]:top_0 [@media_screen_and_(max-resolution:_3x)]:pos_sticky [@media_screen_and_(max-resolution:_3x)]:print:pos_relative"
    id="masthead"
  >
    <div
      class="d_flex jc_space-between ai_center py_small px_medium gap_xsmall ta_center tabletDown:p_small"
    >
      <div
        class="d_flex w_100% jc_center"
      >
        <a
          aria-label="Nasjonal digital læringsarena"
          class=""
          data-unstyled=""
          href="/"
        >
          <svg
            aria-hidden="true"
            class="c_primary"
            height="32"
            viewBox="0 0 1104 280"
            width="126"
            xmlns="http://www.w3.org/2000/svg"
          >
            <g
              fill="currentColor"
            >
              <rect
                height="280"
                width="52"
              />
              <polygon
                points="97.15 39.5 52 66 191 279.77 191.12 280 260 280 260 0 207.73 0 207.73 209.54 97.15 39.5"
              />
              <path
                d="M997.7,0h-51.51l-105.73,278.52-.46,1.48h52.87l22.45-64.2h112.33l22.45,64.2h53.9L997.7,0ZM1012.95,172.44h-82.25l41.01-105.17,41.24,105.17Z"
              />
              <polygon
                points="681.18 0 629 0 629 280 797 280 797 231.99 681.18 231.99 681.18 0"
              />
              <path
                d="M432.36,0h-100.36v280h102.98c19.9,0,38.55-3.41,55.61-10.13,16.72-6.72,31.27-16.39,43.32-28.68,12.05-12.18,21.49-27.09,28.09-44.16,6.71-17.41,10.01-36.31,10.01-56.46,0-40.86-13.42-75.92-38.78-101.64C507.87,13.43,472.96,0,432.36,0ZM518.56,140.57c0,28.11-8.07,51.45-23.54,67.61-15.35,16.16-37.64,24.7-64.48,24.7h-47.6V47.12h44.87c27.86,0,50.83,8.65,66.52,24.81,15.92,16.39,24.22,40.07,24.22,68.63Z"
              />
            </g>
          </svg>
        </a>
      </div>
    </div>
  </header>
  <main
    class="pbe_4xlarge min-h_calc(100vh_-_(var(--masthead-height,_80px)_-_token(spacing.medium)))"
  >
    <article
      class="d_flex flex-d_column gap_xxlarge ai_center"
    >
      <img
        alt="Ops, noe gikk galt"
        src="/static/oops.gif"
      />
      <div
        class="d_flex flex-d_column gap_medium ai_center"
      >
        <h1
          class="textStyle_heading.small ta_center"
          id="SkipToContentId"
        >
          Ops, noe gikk galt
        </h1>
        <p
          class="textStyle_body.xlarge ta_center"
        >
          Beklager, en feil oppstod.
        </p>
      </div>
      <div
        class="d_flex flex-d_column gap_xsmall ai_center"
      >
        <a
          class=""
          href="/"
        >
          Gå til forsiden
        </a>
      </div>
    </article>
  </main>
  <footer
    class="pos_relative bg_primary c_text.onAction"
  >
    <button
      class="d_inline-flex ai_center jc_center gap_xxsmall cursor_pointer td_none fw_bold trs-prop_all trs-dur_fast trs-tmf_default ta_center bdr_xsmall ring_none bx-sh-c_stroke.default disabled:cursor_not-allowed disabled:c_text.onAction disabled:bg_surface.disabled disabled:bx-sh-c_surface.disabled disabled:[&_svg]:c_text.onAction disabled:hover:c_text.onAction disabled:hover:bg_surface.disabled focusVisible:bx-sh_inset_0_0_0_var(--shadow-width,_3px)_var(--shadow-color) motionReduce:trs_none motionReduce:trs-dur_0s c_text.strong bg_surface.default bx-sh_inset_0_0_0_1px_var(--shadow-color) hover:bg_surface.actionSubtle.hover active:bg_surface.actionSubtle.hover.strong on:bg_surface.actionSubtle.active textStyle_label.medium px_small py_xxsmall min-h_24 [&_svg]:mx_0 [&_svg]:my_0 [&_svg]:w_medium [&_svg]:h_medium pos_absolute right_xxlarge top_-medium z_docked"
      id="zendesk"
      type="button"
    >
      <svg
        aria-hidden="true"
        class="d_inline-block fill_currentcolor va_middle lh_1em flex-sh_0 w_medium h_medium"
        data-icon=""
        data-license="Apache License 2.0"
        data-source="RemixIcon"
        fill="currentColor"
        preserveAspectRatio="xMidYMid meet"
        viewBox="0 0 24 24"
      >
        <path
          d="M12 22a10 10 0 1 1 0-20 10 10 0 0 1 0 20m0-2a8 8 0 1 0 0-16 8 8 0 0 0 0 16m-1-5h2v2h-2zm2-1.64V14h-2v-1.5a1 1 0 0 1 1-1 1.5 1.5 0 1 0-1.47-1.8l-1.96-.39A3.5 3.5 0 1 1 13 13.36"
        />
      </svg>
      Spør NDLA
    </button>
    <div
      class="d_grid trs-prop_all trs-dur_default trs-tmf_default ac_start grid-cg_var(--gutter,_0) grid-tc_1fr_min(var(--size),_calc(100%_-_(var(--gutter,_0)_*_2)))_1fr [&_>_*]:grid-cs_2 [&_>_*]:grid-ce_2 --size_sizes.surface.pageMax --gutter_spacing.small tablet:--gutter_spacing.medium"
    >
      <div
        class="flex_1 pos_relative d_flex ai_flex-start jc_space-between tablet:py_4xlarge tablet:pb_large tablet:gap_medium tabletDown:flex-d_column tabletDown:gap_xxlarge tabletDown:ai_center tabletDown:py_large [&_a:focus-visible]:ring-c_surface.default"
      >
        <div
          class="d_flex flex-d_column flex_1 gap_xxlarge desktop:pe_large"
        >
          <span
            class="textStyle_heading.small desktopDown:ta_start"
          >
            Sammen skaper vi framtidas læring
          </span>
          <div
            class="d_flex gap_medium jc_space-between flex-wrap_wrap"
          >
            <div
              class="d_flex flex-d_column gap_3xsmall"
            >
              <span
                class="textStyle_label.large fw_bold"
                id="«r0»"
              >
                Kontakt
              </span>
              <nav
                aria-labelledby="«r0»"
              >
                <ul
                  class="d_flex flex-d_column gap_3xsmall"
                >
                  <li>
                    <a
                      class="d_inline c_text.onAction textStyle_body.link td_underline [&_svg]:ms_xsmall hover:td_none focusVisible:td_none"
                      href="https://ndla.no/om/om-ndla"
                      rel="noopener noreferrer"
                    >
                      Om NDLA
                    </a>
                  </li>
                  <li>
                    <a
                      class="d_inline c_text.onAction textStyle_body.link td_underline [&_svg]:ms_xsmall hover:td_none focusVisible:td_none"
                      href="https://ndla.no/om/about-us"
                      rel="noopener noreferrer"
                    >
                      About NDLA
                    </a>
                  </li>
                  <li>
                    <a
                      class="d_inline c_text.onAction textStyle_body.link td_underline [&_svg]:ms_xsmall hover:td_none focusVisible:td_none"
                      href="https://ndla.no/om/kontakt-oss"
                      rel="noopener noreferrer"
                    >
                      Kontakt oss
                    </a>
                  </li>
                </ul>
              </nav>
            </div>
            <div
              class="d_flex flex-d_column gap_3xsmall"
            >
              <span
                class="textStyle_label.large fw_bold"
                id="«r1»"
              >
                Om nettstedet
              </span>
              <nav
                aria-labelledby="«r1»"
              >
                <ul
                  class="d_flex flex-d_column gap_3xsmall"
                >
                  <li>
                    <a
                      class="d_inline c_text.onAction textStyle_body.link td_underline [&_svg]:ms_xsmall hover:td_none focusVisible:td_none"
                      href="https://ndla.no/article/personvernerklaering"
                      rel="noopener noreferrer"
                    >
                      Personvernerklæring
                    </a>
                  </li>
                  <li>
                    <a
                      class="d_inline c_text.onAction textStyle_body.link td_underline [&_svg]:ms_xsmall hover:td_none focusVisible:td_none"
                      href="https://ndla.no/article/erklaering-for-informasjonskapsler"
                      rel="noopener noreferrer"
                    >
                      Erklæring for informasjonskapsler
                    </a>
                  </li>
                  <li>
                    <a
                      class="d_inline c_text.onAction textStyle_body.link td_underline [&_svg]:ms_xsmall hover:td_none focusVisible:td_none"
                      href="https://uustatus.no/nn/erklaringer/publisert/8cefdf3d-3272-402a-907b-689ddfc9bba7"
                      rel="noopener noreferrer"
                    >
                      Tilgjengelighetserklæring
                    </a>
                  </li>
                </ul>
              </nav>
            </div>
            <div
              class="d_flex flex-d_column gap_3xsmall"
            >
              <span
                class="textStyle_label.large fw_bold"
                id="«r2»"
              >
                Andre språk
              </span>
              <nav
                aria-labelledby="«r2»"
              >
                <ul
                  class="d_flex flex-d_column gap_3xsmall"
                >
                  <li>
                    <a
                      class="d_inline c_text.onAction textStyle_body.link td_underline [&_svg]:ms_xsmall hover:td_none focusVisible:td_none"
                      href="/f/ukrainian-resources-in-norwegian-social-science/1022072a8411"
                      rel="noopener noreferrer"
                    >
                      Ukrainsk
                    </a>
                  </li>
                  <li>
                    <a
                      class="d_inline c_text.onAction textStyle_body.link td_underline [&_svg]:ms_xsmall hover:td_none focusVisible:td_none"
                      href="/samling/sma"
                      rel="noopener noreferrer"
                    >
                      Sørsamisk
                    </a>
                  </li>
                  <li>
                    <a
                      class="d_inline c_text.onAction textStyle_body.link td_underline [&_svg]:ms_xsmall hover:td_none focusVisible:td_none"
                      href="/samling/se"
                      rel="noopener noreferrer"
                    >
                      Nordsamisk
                    </a>
                  </li>
                </ul>
              </nav>
            </div>
            <div
              class="d_flex flex-d_column gap_3xsmall"
            >
              <span
                class="textStyle_label.large fw_bold"
                id="«r3»"
              >
                Følg oss
              </span>
              <nav
                aria-labelledby="«r3»"
              >
                <ul
                  class="d_grid flex-d_column gap_3xsmall grid-tc_auto_auto_auto_auto_1fr"
                >
                  <li>
                    <a
                      aria-label="NDLA på Facebook"
                      class="d_inline-flex ai_center jc_center gap_xxsmall cursor_pointer td_none fw_bold trs-prop_all trs-dur_fast trs-tmf_default ta_center bdr_xsmall ring_none bx-sh-c_stroke.default disabled:cursor_not-allowed disabled:c_text.onAction disabled:bg_surface.disabled disabled:bx-sh-c_surface.disabled disabled:[&_svg]:c_text.onAction disabled:hover:c_text.onAction disabled:hover:bg_surface.disabled focusVisible:bx-sh_inset_0_0_0_var(--shadow-width,_3px)_var(--shadow-color) motionReduce:trs_none motionReduce:trs-dur_0s bg_transparent c_text.onAction hover:c_surface.actionSubtle.hover.strong lh_1 min-h_unset --shadow-width_3px h_xxlarge w_xxlarge [&_svg]:mx_0 [&_svg]:my_0 [&_svg]:w_medium [&_svg]:h_medium px_xsmall py_xsmall"
                      href="https://www.facebook.com/ndla.no"
                      title="NDLA på Facebook"
                    >
                      <svg
                        aria-hidden="true"
                        class="d_inline-block fill_currentcolor va_middle lh_1em flex-sh_0 w_medium h_medium"
                        data-icon=""
                        data-license="Apache License 2.0"
                        data-source="RemixIcon"
                        fill="currentColor"
                        preserveAspectRatio="xMidYMid meet"
                        viewBox="0 0 24 24"
                      >
                        <path
                          d="M12 2a10 10 0 0 0-1.56 19.88v-6.99H7.9V12h2.54V9.8c0-2.5 1.5-3.9 3.78-3.9 1.09 0 2.23.2 2.23.2v2.46H15.2c-1.24 0-1.63.77-1.63 1.56V12h2.78l-.45 2.9h-2.33v6.98A10 10 0 0 0 12 2"
                        />
                      </svg>
                    </a>
                  </li>
                  <li>
                    <a
                      aria-label="NDLA på Instagram"
                      class="d_inline-flex ai_center jc_center gap_xxsmall cursor_pointer td_none fw_bold trs-prop_all trs-dur_fast trs-tmf_default ta_center bdr_xsmall ring_none bx-sh-c_stroke.default disabled:cursor_not-allowed disabled:c_text.onAction disabled:bg_surface.disabled disabled:bx-sh-c_surface.disabled disabled:[&_svg]:c_text.onAction disabled:hover:c_text.onAction disabled:hover:bg_surface.disabled focusVisible:bx-sh_inset_0_0_0_var(--shadow-width,_3px)_var(--shadow-color) motionReduce:trs_none motionReduce:trs-dur_0s bg_transparent c_text.onAction hover:c_surface.actionSubtle.hover.strong lh_1 min-h_unset --shadow-width_3px h_xxlarge w_xxlarge [&_svg]:mx_0 [&_svg]:my_0 [&_svg]:w_medium [&_svg]:h_medium px_xsmall py_xsmall"
                      href="https://instagram.com/ndla_no/"
                      title="NDLA på Instagram"
                    >
                      <svg
                        aria-hidden="true"
                        class="d_inline-block fill_currentcolor va_middle lh_1em flex-sh_0 w_medium h_medium"
                        data-icon=""
                        data-license="Apache License 2.0"
                        data-source="RemixIcon"
                        fill="currentColor"
                        preserveAspectRatio="xMidYMid meet"
                        viewBox="0 0 24 24"
                      >
                        <path
                          d="M12 9a3 3 0 1 0 0 6 3 3 0 0 0 0-6m0-2a5 5 0 1 1 0 10 5 5 0 0 1 0-10m6.5-.25a1.25 1.25 0 1 1-2.5 0 1.25 1.25 0 0 1 2.5 0M12 4c-2.47 0-2.88 0-4.03.06-.78.03-1.3.14-1.8.33a2.9 2.9 0 0 0-1.08.7c-.33.34-.53.65-.7 1.08-.19.5-.3 1.02-.33 1.8A69.5 69.5 0 0 0 4 12c0 2.47 0 2.88.06 4.03.04.78.14 1.3.33 1.8a3.05 3.05 0 0 0 1.78 1.78c.5.2 1.02.3 1.8.33 1.1.05 1.5.06 4.03.06 2.48 0 2.88 0 4.03-.06.78-.03 1.3-.14 1.8-.33a3.05 3.05 0 0 0 1.78-1.78c.2-.5.3-1.02.33-1.8.05-1.1.06-1.5.06-4.03 0-2.47 0-2.88-.06-4.03a5.46 5.46 0 0 0-.33-1.8 2.91 2.91 0 0 0-.7-1.08 2.88 2.88 0 0 0-1.08-.7 5.42 5.42 0 0 0-1.8-.33C14.93 4 14.54 4 12 4m0-2c2.72 0 3.06.01 4.12.06 1.07.05 1.8.22 2.43.46.66.26 1.22.6 1.77 1.16.56.55.9 1.11 1.16 1.77.24.64.41 1.36.46 2.43C22 8.94 22 9.28 22 12s0 3.06-.06 4.12a7.38 7.38 0 0 1-.46 2.43c-.26.66-.6 1.22-1.16 1.77-.55.56-1.11.9-1.77 1.16a7.4 7.4 0 0 1-2.43.46c-1.06.05-1.4.06-4.12.06s-3.05-.01-4.12-.06a7.38 7.38 0 0 1-2.43-.46 4.89 4.89 0 0 1-1.77-1.16 4.9 4.9 0 0 1-1.15-1.77 7.38 7.38 0 0 1-.47-2.43C2.01 15.06 2 14.72 2 12s.01-3.06.06-4.12c.05-1.07.22-1.8.47-2.43.25-.66.6-1.22 1.15-1.77a4.9 4.9 0 0 1 1.77-1.16 7.37 7.37 0 0 1 2.43-.46C8.95 2.01 9.28 2 12 2"
                        />
                      </svg>
                    </a>
                  </li>
                  <li>
                    <a
                      aria-label="NDLA på LinkedIn"
                      class="d_inline-flex ai_center jc_center gap_xxsmall cursor_pointer td_none fw_bold trs-prop_all trs-dur_fast trs-tmf_default ta_center bdr_xsmall ring_none bx-sh-c_stroke.default disabled:cursor_not-allowed disabled:c_text.onAction disabled:bg_surface.disabled disabled:bx-sh-c_surface.disabled disabled:[&_svg]:c_text.onAction disabled:hover:c_text.onAction disabled:hover:bg_surface.disabled focusVisible:bx-sh_inset_0_0_0_var(--shadow-width,_3px)_var(--shadow-color) motionReduce:trs_none motionReduce:trs-dur_0s bg_transparent c_text.onAction hover:c_surface.actionSubtle.hover.strong lh_1 min-h_unset --shadow-width_3px h_xxlarge w_xxlarge [&_svg]:mx_0 [&_svg]:my_0 [&_svg]:w_medium [&_svg]:h_medium px_xsmall py_xsmall"
                      href="https://www.linkedin.com/company/ndla/"
                      title="NDLA på LinkedIn"
                    >
                      <svg
                        aria-hidden="true"
                        class="d_inline-block fill_currentcolor va_middle lh_1em flex-sh_0 w_medium h_medium"
                        data-icon=""
                        data-license="Apache License 2.0"
                        data-source="RemixIcon"
                        fill="currentColor"
                        preserveAspectRatio="xMidYMid meet"
                        viewBox="0 0 24 24"
                      >
                        <path
                          d="M4 3h16a1 1 0 0 1 1 1v16a1 1 0 0 1-1 1H4a1 1 0 0 1-1-1V4a1 1 0 0 1 1-1m1 2v14h14V5zm2.5 4a1.5 1.5 0 1 1 0-3 1.5 1.5 0 0 1 0 3m-1 1h2v7.5h-2zm5.5.43a2.93 2.93 0 0 1 2-.93c2.07 0 3.5 1.68 3.5 3.75v4.25h-2v-4.25a1.75 1.75 0 1 0-3.5 0v4.25h-2V10h2z"
                        />
                      </svg>
                    </a>
                  </li>
                  <li>
                    <a
                      aria-label="NDLA på YouTube"
                      class="d_inline-flex ai_center jc_center gap_xxsmall cursor_pointer td_none fw_bold trs-prop_all trs-dur_fast trs-tmf_default ta_center bdr_xsmall ring_none bx-sh-c_stroke.default disabled:cursor_not-allowed disabled:c_text.onAction disabled:bg_surface.disabled disabled:bx-sh-c_surface.disabled disabled:[&_svg]:c_text.onAction disabled:hover:c_text.onAction disabled:hover:bg_surface.disabled focusVisible:bx-sh_inset_0_0_0_var(--shadow-width,_3px)_var(--shadow-color) motionReduce:trs_none motionReduce:trs-dur_0s bg_transparent c_text.onAction hover:c_surface.actionSubtle.hover.strong lh_1 min-h_unset --shadow-width_3px h_xxlarge w_xxlarge [&_svg]:mx_0 [&_svg]:my_0 [&_svg]:w_medium [&_svg]:h_medium px_xsmall py_xsmall"
                      href="https://www.youtube.com/channel/UCBlt6T8B0mmvDh3k5q7EhsA"
                      title="NDLA på YouTube"
                    >
                      <svg
                        aria-hidden="true"
                        class="d_inline-block fill_currentcolor va_middle lh_1em flex-sh_0 w_medium h_medium"
                        data-icon=""
                        data-license="Apache License 2.0"
                        data-source="RemixIcon"
                        fill="currentColor"
                        preserveAspectRatio="xMidYMid meet"
                        viewBox="0 0 24 24"
                      >
                        <path
                          d="M19.6 7a.81.81 0 0 0-.53-.6C18.63 6.28 16.5 6 12 6s-6.63.28-7.07.4a.81.81 0 0 0-.53.6c-.11.42-.4 2.2-.4 5s.29 4.58.4 5c.07.3.29.53.53.6.44.12 2.57.4 7.07.4s6.63-.28 7.07-.4c.24-.07.46-.3.54-.6.1-.42.4-2.2.4-5s-.3-4.58-.4-5m1.94-.5C22 8.28 22 12 22 12s0 3.72-.46 5.5a2.8 2.8 0 0 1-1.93 2.02C17.9 20 12 20 12 20s-5.9 0-7.61-.48a2.81 2.81 0 0 1-1.94-2.02C2 15.72 2 12 2 12s0-3.72.46-5.5A2.8 2.8 0 0 1 4.4 4.48C6.1 4 12 4 12 4s5.9 0 7.6.48a2.81 2.81 0 0 1 1.94 2.02M10 15.5v-7l6 3.5z"
                        />
                      </svg>
                    </a>
                  </li>
                  <li
                    class="grid-c_span_5"
                  >
                    <a
                      class="d_inline c_text.onAction textStyle_body.link td_underline [&_svg]:ms_xsmall hover:td_none focusVisible:td_none"
                      href="https://ndla.no/om/nyhetsbrev"
                    >
                      Meld deg på vårt nyhetsbrev 
                      <svg
                        aria-hidden="true"
                        class="d_inline-block fill_currentcolor va_middle lh_1em flex-sh_0 w_medium h_medium"
                        data-icon=""
                        data-license="Apache License 2.0"
                        data-source="RemixIcon"
                        fill="currentColor"
                        preserveAspectRatio="xMidYMid meet"
                        viewBox="0 0 24 24"
                      >
                        <path
                          d="M3 3h18a1 1 0 0 1 1 1v16a1 1 0 0 1-1 1H3a1 1 0 0 1-1-1V4a1 1 0 0 1 1-1m17 4.24-7.93 7.1L4 7.22V19h16zM4.51 5l7.55 6.66L19.5 5z"
                        />
                      </svg>
                    </a>
                  </li>
                </ul>
              </nav>
            </div>
          </div>
          <div>
            <p
              class="textStyle_body.large"
            >
              Nettstedet er utarbeidet som åpen kildekode.
            </p>
            <p
              class="textStyle_body.large"
            >
              <strong>
                Ansvarlig redaktør:
              </strong>
               Sigurd Trageton
            </p>
          </div>
        </div>
        <svg
          aria-hidden="true"
          class="c_icon.onAction flex-sh_0 print:c_icon.strong d_none w_120px h_300px tablet:d_block"
          height="383"
          viewBox="0 0 260.29 611.89"
          width="163"
          xmlns="http://www.w3.org/2000/svg"
        >
          <g
            fill="currentColor"
          >
            <g>
              <rect
                height="280"
                width="52"
                x=".29"
              />
              <polygon
                points="97.44 39.5 52.29 66 191.29 279.77 191.41 280 260.29 280 260.29 0 208.02 0 208.02 209.54 97.44 39.5"
              />
            </g>
            <g>
              <g>
                <path
                  d="M5.77,365.65H1.34v-32.9h4.43l17.94,27.3h-1.22v-27.3h4.43v32.9h-4.43l-17.94-27.3h1.22v27.3Z"
                />
                <path
                  d="M40.02,366.2c-2.35,0-4.2-.62-5.54-1.87-1.34-1.24-2.01-2.87-2.01-4.87s.72-3.66,2.17-4.89c1.45-1.23,3.46-1.95,6.06-2.16l6.96-.55v-.64c0-1.24-.23-2.24-.68-2.98-.45-.74-1.07-1.27-1.85-1.59-.78-.32-1.67-.48-2.67-.48-1.78,0-3.16.37-4.13,1.11-.98.74-1.47,1.8-1.47,3.16h-3.71c0-1.55.39-2.9,1.18-4.05.78-1.15,1.89-2.05,3.32-2.68,1.43-.64,3.1-.96,4.99-.96s3.44.33,4.81.98c1.37.65,2.44,1.64,3.21,2.96.77,1.32,1.15,2.98,1.15,4.98v13.97h-3.61l-.45-3.59c-.57,1.27-1.56,2.28-2.96,3.03-1.4.74-2.99,1.11-4.77,1.11ZM41.24,362.87c2.02,0,3.6-.61,4.75-1.84,1.14-1.23,1.72-2.89,1.72-4.98v-1.18l-5.65.46c-1.87.18-3.22.62-4.04,1.32-.83.7-1.24,1.59-1.24,2.68,0,1.18.4,2.07,1.2,2.66.8.59,1.89.89,3.28.89Z"
                />
                <path
                  d="M55.66,359.19h4.07c0,1.12.41,2.01,1.22,2.66.81.65,1.91.98,3.3.98,1.51,0,2.67-.3,3.48-.89.81-.59,1.22-1.39,1.22-2.39,0-.73-.22-1.33-.66-1.82-.44-.49-1.23-.88-2.37-1.18l-3.89-.91c-1.96-.49-3.41-1.23-4.36-2.23-.95-1-1.42-2.32-1.42-3.96,0-1.37.35-2.55,1.06-3.55.71-1,1.69-1.77,2.94-2.32,1.25-.55,2.69-.82,4.32-.82s3.03.29,4.23.86c1.19.58,2.12,1.38,2.8,2.41.68,1.03,1.03,2.26,1.06,3.69h-4.07c-.03-1.15-.41-2.05-1.13-2.68s-1.73-.96-3.03-.96-2.35.29-3.07.87c-.72.58-1.08,1.36-1.08,2.37,0,1.49,1.08,2.5,3.25,3.05l3.89.96c1.87.42,3.27,1.11,4.2,2.07.93.96,1.4,2.25,1.4,3.89,0,1.4-.38,2.62-1.13,3.66-.75,1.05-1.79,1.85-3.1,2.41-1.31.56-2.85.84-4.63.84-2.59,0-4.65-.64-6.19-1.91-1.54-1.27-2.3-2.97-2.3-5.1Z"
                />
                <path
                  d="M71.88,375.75l.72-3.87c.42.12.78.21,1.08.25.3.05.62.07.95.07,1.02,0,1.75-.3,2.19-.91.44-.61.66-1.53.66-2.78v-25.12h4.25v25.53c0,2.21-.59,3.97-1.76,5.28-1.17,1.3-2.83,1.96-4.97,1.96-.54,0-1.04-.03-1.49-.09-.45-.06-.99-.17-1.63-.32ZM79.61,338.12c-.78,0-1.45-.28-1.99-.84-.54-.56-.81-1.22-.81-1.98s.27-1.46.81-2c.54-.55,1.2-.82,1.99-.82s1.41.27,1.97.82c.56.55.84,1.21.84,2s-.28,1.42-.84,1.98c-.56.56-1.21.84-1.97.84Z"
                />
                <path
                  d="M86.2,354.5c0-2.28.5-4.29,1.49-6.05.99-1.76,2.36-3.14,4.09-4.14s3.71-1.5,5.94-1.5,4.2.5,5.92,1.5,3.07,2.38,4.07,4.14c.99,1.76,1.49,3.78,1.49,6.05s-.5,4.29-1.49,6.05-2.35,3.14-4.07,4.14-3.69,1.5-5.92,1.5-4.21-.5-5.94-1.5-3.1-2.38-4.09-4.14-1.49-3.78-1.49-6.05ZM90.5,354.5c0,1.55.31,2.91.93,4.09.62,1.18,1.47,2.11,2.55,2.78,1.08.67,2.33,1,3.75,1s2.67-.33,3.75-1c1.08-.67,1.94-1.59,2.55-2.78.62-1.18.93-2.55.93-4.09s-.31-2.95-.93-4.12c-.62-1.17-1.47-2.08-2.55-2.75s-2.33-1-3.75-1-2.67.33-3.75,1-1.94,1.58-2.55,2.75c-.62,1.17-.93,2.54-.93,4.12Z"
                />
                <path
                  d="M117.93,365.65h-4.25v-22.25h3.84l.45,3.41c.69-1.27,1.69-2.27,3.01-2.98,1.31-.71,2.75-1.07,4.32-1.07,2.89,0,5.03.83,6.42,2.5,1.39,1.67,2.08,3.93,2.08,6.78v13.6h-4.25v-12.65c0-2.24-.48-3.86-1.45-4.85-.96-.99-2.26-1.48-3.89-1.48-1.99,0-3.53.65-4.63,1.96-1.1,1.3-1.65,3.05-1.65,5.23v11.78Z"
                />
                <path
                  d="M145.9,366.2c-2.35,0-4.2-.62-5.54-1.87-1.34-1.24-2.01-2.87-2.01-4.87s.72-3.66,2.17-4.89c1.45-1.23,3.46-1.95,6.06-2.16l6.96-.55v-.64c0-1.24-.23-2.24-.68-2.98-.45-.74-1.07-1.27-1.85-1.59-.78-.32-1.67-.48-2.67-.48-1.78,0-3.16.37-4.13,1.11-.98.74-1.47,1.8-1.47,3.16h-3.71c0-1.55.39-2.9,1.18-4.05.78-1.15,1.89-2.05,3.32-2.68,1.43-.64,3.1-.96,4.99-.96s3.44.33,4.81.98c1.37.65,2.44,1.64,3.21,2.96.77,1.32,1.15,2.98,1.15,4.98v13.97h-3.61l-.45-3.59c-.57,1.27-1.56,2.28-2.96,3.03-1.4.74-2.99,1.11-4.77,1.11ZM147.12,362.87c2.02,0,3.6-.61,4.75-1.84,1.14-1.23,1.72-2.89,1.72-4.98v-1.18l-5.65.46c-1.87.18-3.22.62-4.04,1.32-.83.7-1.24,1.59-1.24,2.68,0,1.18.4,2.07,1.2,2.66.8.59,1.89.89,3.28.89Z"
                />
                <path
                  d="M167.68,365.65h-4.25v-33.49h4.25v33.49Z"
                />
              </g>
              <g>
                <path
                  d="M11.45,465.7c-2.13,0-3.97-.49-5.5-1.48s-2.71-2.36-3.54-4.12c-.83-1.76-1.24-3.76-1.24-6.01s.42-4.3,1.26-6.07c.84-1.77,2.04-3.18,3.61-4.21,1.56-1.03,3.43-1.55,5.59-1.55,1.71,0,3.24.36,4.58,1.07,1.34.71,2.38,1.77,3.13,3.16v-14.83h4.19v33.49h-3.79l-.36-4.05c-.72,1.49-1.78,2.62-3.18,3.41-1.4.79-2.98,1.18-4.76,1.18ZM12.3,461.83c1.44,0,2.68-.33,3.72-1,1.04-.67,1.84-1.59,2.41-2.78.57-1.18.86-2.55.86-4.1s-.29-2.9-.86-4.07c-.57-1.17-1.38-2.08-2.41-2.75-1.04-.67-2.28-1-3.72-1s-2.68.34-3.7,1.02c-1.02.68-1.8,1.61-2.34,2.78-.54,1.17-.81,2.51-.81,4.03s.27,2.91.81,4.1c.54,1.18,1.32,2.11,2.34,2.78,1.02.67,2.25,1,3.7,1Z"
                />
                <path
                  d="M31.51,437.62c-.75,0-1.41-.28-1.96-.84s-.83-1.22-.83-1.98.28-1.46.83-2,1.21-.82,1.96-.82,1.44.27,1.98.82c.54.55.81,1.21.81,2s-.27,1.42-.81,1.98c-.54.56-1.2.84-1.98.84ZM29.43,465.15v-22.25h4.24v22.25h-4.24Z"
                />
                <path
                  d="M38.18,453.46c0-2.09.42-3.98,1.26-5.67.84-1.68,2.04-3.03,3.61-4.03,1.56-1,3.41-1.5,5.55-1.5,1.98,0,3.68.48,5.09,1.43,1.41.96,2.42,2.28,3.02,3.98l-.54.59.45-5.37h3.79v21.34c0,2.34-.45,4.36-1.35,6.07-.9,1.71-2.18,3.04-3.83,3.98-1.65.94-3.61,1.41-5.86,1.41-3.01,0-5.47-.8-7.39-2.41-1.92-1.61-3.1-3.82-3.52-6.64h4.24c.27,1.64.99,2.91,2.16,3.82,1.17.91,2.67,1.37,4.51,1.37,2.07,0,3.73-.63,4.98-1.89,1.25-1.26,1.87-2.95,1.87-5.07v-6.28l.54.59c-.57,1.67-1.61,2.98-3.11,3.94-1.5.96-3.25,1.43-5.23,1.43-2.1,0-3.92-.49-5.46-1.48-1.53-.99-2.71-2.31-3.54-3.98-.83-1.67-1.24-3.55-1.24-5.64ZM42.42,453.37c0,1.4.28,2.65.83,3.78.56,1.12,1.34,2.02,2.34,2.68,1.01.67,2.19,1,3.54,1,1.44,0,2.67-.32,3.7-.96,1.02-.64,1.81-1.52,2.37-2.64.56-1.12.83-2.41.83-3.87s-.27-2.73-.81-3.82-1.32-1.96-2.34-2.59c-1.02-.64-2.25-.96-3.7-.96s-2.62.33-3.63,1c-1.01.67-1.78,1.55-2.32,2.66-.54,1.11-.81,2.34-.81,3.71Z"
                />
                <path
                  d="M68.39,437.62c-.75,0-1.41-.28-1.96-.84-.56-.56-.83-1.22-.83-1.98s.28-1.46.83-2c.56-.55,1.21-.82,1.96-.82s1.44.27,1.98.82c.54.55.81,1.21.81,2s-.27,1.42-.81,1.98c-.54.56-1.2.84-1.98.84ZM66.31,465.15v-22.25h4.24v22.25h-4.24Z"
                />
                <path
                  d="M74.11,442.9h12.8v3.59h-12.8v-3.59ZM86.73,461.42l.54,3.55c-1.14.46-2.36.68-3.65.68s-2.39-.25-3.29-.75c-.9-.5-1.59-1.25-2.07-2.25-.48-1-.72-2.24-.72-3.73v-22.98h4.24v22.39c0,1.27.26,2.18.79,2.71.53.53,1.21.8,2.05.8.66,0,1.37-.14,2.12-.41Z"
                />
                <path
                  d="M97.6,465.7c-2.34,0-4.19-.62-5.52-1.87-1.34-1.24-2.01-2.87-2.01-4.87s.72-3.66,2.16-4.89c1.44-1.23,3.46-1.95,6.04-2.16l6.94-.55v-.64c0-1.24-.23-2.24-.68-2.98-.45-.74-1.07-1.27-1.85-1.59-.78-.32-1.67-.48-2.66-.48-1.77,0-3.15.37-4.12,1.11-.98.74-1.47,1.8-1.47,3.16h-3.7c0-1.55.39-2.9,1.17-4.05.78-1.15,1.89-2.05,3.31-2.68,1.43-.64,3.09-.96,4.98-.96s3.43.33,4.8.98c1.37.65,2.43,1.64,3.2,2.96.77,1.32,1.15,2.98,1.15,4.98v13.97h-3.61l-.45-3.59c-.57,1.27-1.56,2.28-2.95,3.03-1.4.74-2.98,1.11-4.76,1.11ZM98.82,462.37c2.01,0,3.59-.61,4.73-1.84,1.14-1.23,1.71-2.89,1.71-4.98v-1.18l-5.64.46c-1.86.18-3.21.62-4.04,1.32-.83.7-1.24,1.59-1.24,2.68,0,1.18.4,2.07,1.19,2.66.8.59,1.89.89,3.27.89Z"
                />
                <path
                  d="M119.33,465.15h-4.24v-33.49h4.24v33.49Z"
                />
              </g>
              <g>
                <path
                  d="M5.94,564.15H1.7v-33.49h4.24v33.49Z"
                />
                <path
                  d="M10.85,557.92c0-2.21.74-3.88,2.23-4.98,1.49-1.11,3.43-1.68,5.84-1.71l7.08-.18v-1.32c0-1.64-.47-2.89-1.42-3.75-.95-.86-2.25-1.3-3.9-1.3s-3.05.38-4.01,1.14c-.96.76-1.44,1.81-1.44,3.14h-3.7c0-1.55.38-2.9,1.15-4.05.77-1.15,1.86-2.05,3.27-2.68,1.41-.64,3.02-.96,4.82-.96,1.92,0,3.55.38,4.89,1.14,1.34.76,2.29,1.77,2.86,3.05l-.86,13.88c-.69,1.64-1.83,2.94-3.43,3.91-1.59.97-3.46,1.46-5.59,1.46-2.5,0-4.42-.62-5.77-1.87-1.35-1.24-2.03-2.88-2.03-4.91ZM15.13,557.69c0,1.21.42,2.13,1.26,2.75.84.62,1.95.93,3.34.93,1.92,0,3.46-.56,4.6-1.68,1.14-1.12,1.71-2.59,1.71-4.41v-1.37l-6.09.18c-1.65.03-2.87.33-3.65.91-.78.58-1.17,1.47-1.17,2.68ZM46.96,553.82l-18.89.04.09-2.82h14.56c0-1.82-.55-3.31-1.65-4.46-1.1-1.15-2.59-1.73-4.49-1.73-1.44,0-2.67.33-3.67,1-1.01.67-1.78,1.58-2.32,2.73-.54,1.15-.81,2.5-.81,4.05,0,2.58.59,4.64,1.78,6.19,1.19,1.55,2.95,2.32,5.3,2.32,1.68,0,3.05-.34,4.1-1.02,1.05-.68,1.73-1.65,2.03-2.89h4.01c-.54,2.37-1.7,4.2-3.47,5.51-1.77,1.3-4.03,1.96-6.76,1.96-2.1,0-3.97-.49-5.59-1.46-1.62-.97-2.89-2.33-3.79-4.09-.9-1.76-1.35-3.79-1.35-6.1s.44-4.39,1.33-6.17c.89-1.77,2.12-3.15,3.7-4.14,1.58-.99,3.42-1.48,5.52-1.48s3.97.46,5.52,1.39c1.55.93,2.74,2.21,3.58,3.87.84,1.65,1.26,3.56,1.26,5.71v1.59Z"
                />
                <path
                  d="M64.1,541.72v3.91h-1.89c-2.01,0-3.6.58-4.76,1.75-1.16,1.17-1.74,2.83-1.74,4.98v11.78h-4.24v-22.2h3.97l.36,4.46h-.41c.3-1.46,1.02-2.65,2.16-3.57,1.14-.92,2.57-1.39,4.28-1.39.39,0,.76.02,1.1.07.35.05.73.11,1.15.21Z"
                />
                <path
                  d="M69.91,536.62c-.75,0-1.41-.28-1.96-.84s-.83-1.22-.83-1.98.28-1.46.83-2,1.21-.82,1.96-.82,1.44.27,1.98.82c.54.55.81,1.21.81,2s-.27,1.42-.81,1.98c-.54.56-1.2.84-1.98.84ZM67.84,564.15v-22.25h4.24v22.25h-4.24Z"
                />
                <path
                  d="M82.22,564.15h-4.24v-22.25h3.83l.45,3.41c.69-1.27,1.69-2.27,3-2.98,1.31-.71,2.74-1.07,4.31-1.07,2.89,0,5.02.83,6.4,2.5,1.38,1.67,2.07,3.93,2.07,6.78v13.6h-4.24v-12.65c0-2.24-.48-3.86-1.44-4.85-.96-.99-2.25-1.48-3.88-1.48-1.98,0-3.52.65-4.62,1.96-1.1,1.3-1.65,3.05-1.65,5.23v11.78Z"
                />
                <path
                  d="M102.28,552.46c0-2.09.42-3.98,1.26-5.67.84-1.68,2.04-3.03,3.61-4.03,1.56-1,3.41-1.5,5.55-1.5,1.98,0,3.68.48,5.09,1.43,1.41.96,2.42,2.28,3.02,3.98l-.54.59.45-5.37h3.79v21.34c0,2.34-.45,4.36-1.35,6.07-.9,1.71-2.18,3.04-3.83,3.98-1.65.94-3.61,1.41-5.86,1.41-3.01,0-5.47-.8-7.39-2.41-1.92-1.61-3.1-3.82-3.52-6.64h4.24c.27,1.64.99,2.91,2.16,3.82,1.17.91,2.67,1.37,4.51,1.37,2.07,0,3.73-.63,4.98-1.89,1.25-1.26,1.87-2.95,1.87-5.07v-6.28l.54.59c-.57,1.67-1.61,2.98-3.11,3.94-1.5.96-3.25,1.43-5.23,1.43-2.1,0-3.92-.49-5.46-1.48-1.53-.99-2.71-2.31-3.54-3.98-.83-1.67-1.24-3.55-1.24-5.64ZM106.52,552.37c0,1.4.28,2.65.83,3.78.56,1.12,1.34,2.02,2.34,2.68,1.01.67,2.19,1,3.54,1,1.44,0,2.67-.32,3.7-.96,1.02-.64,1.81-1.52,2.37-2.64.56-1.12.83-2.41.83-3.87s-.27-2.73-.81-3.82-1.32-1.96-2.34-2.59c-1.02-.64-2.25-.96-3.7-.96s-2.62.33-3.63,1c-1.01.67-1.78,1.55-2.32,2.66-.54,1.11-.81,2.34-.81,3.71Z"
                />
                <path
                  d="M128.61,557.69h4.06c0,1.12.41,2.01,1.22,2.66s1.91.98,3.29.98c1.5,0,2.66-.3,3.47-.89.81-.59,1.22-1.39,1.22-2.39,0-.73-.22-1.33-.65-1.82-.44-.49-1.23-.88-2.37-1.18l-3.88-.91c-1.95-.49-3.4-1.23-4.35-2.23s-1.42-2.32-1.42-3.96c0-1.37.35-2.55,1.06-3.55.71-1,1.68-1.77,2.93-2.32,1.25-.55,2.68-.82,4.31-.82s3.03.29,4.22.86c1.19.58,2.12,1.38,2.79,2.41s1.03,2.26,1.06,3.69h-4.06c-.03-1.15-.41-2.05-1.13-2.68s-1.73-.96-3.02-.96-2.34.29-3.07.87-1.08,1.36-1.08,2.37c0,1.49,1.08,2.5,3.25,3.05l3.88.96c1.86.42,3.26,1.11,4.19,2.07.93.96,1.4,2.25,1.4,3.89,0,1.4-.38,2.62-1.13,3.66-.75,1.05-1.78,1.85-3.09,2.41-1.31.56-2.85.84-4.62.84-2.59,0-4.64-.64-6.18-1.91-1.53-1.27-2.3-2.97-2.3-5.1Z"
                />
                <path
                  d="M156.83,564.7c-2.34,0-4.19-.62-5.52-1.87-1.34-1.24-2.01-2.87-2.01-4.87s.72-3.66,2.16-4.89c1.44-1.23,3.46-1.95,6.04-2.16l6.94-.55v-.64c0-1.24-.23-2.24-.68-2.98-.45-.74-1.07-1.27-1.85-1.59-.78-.32-1.67-.48-2.66-.48-1.77,0-3.15.37-4.12,1.11-.98.74-1.47,1.8-1.47,3.16h-3.7c0-1.55.39-2.9,1.17-4.05.78-1.15,1.89-2.05,3.31-2.68,1.43-.64,3.09-.96,4.98-.96s3.43.33,4.8.98c1.37.65,2.43,1.64,3.2,2.96.77,1.32,1.15,2.98,1.15,4.98v13.97h-3.61l-.45-3.59c-.57,1.27-1.56,2.28-2.95,3.03-1.4.74-2.98,1.11-4.76,1.11ZM158.05,561.37c2.01,0,3.59-.61,4.73-1.84,1.14-1.23,1.71-2.89,1.71-4.98v-1.18l-5.64.46c-1.86.18-3.21.62-4.04,1.32-.83.7-1.24,1.59-1.24,2.68,0,1.18.4,2.07,1.19,2.66.8.59,1.89.89,3.27.89Z"
                />
                <path
                  d="M186.86,541.72v3.91h-1.89c-2.01,0-3.6.58-4.76,1.75-1.16,1.17-1.74,2.83-1.74,4.98v11.78h-4.24v-22.2h3.97l.36,4.46h-.41c.3-1.46,1.02-2.65,2.16-3.57,1.14-.92,2.57-1.39,4.28-1.39.39,0,.76.02,1.1.07.35.05.73.11,1.15.21Z"
                />
                <path
                  d="M199.3,564.7c-2.13,0-4.03-.49-5.68-1.48-1.65-.99-2.95-2.35-3.88-4.09s-1.4-3.77-1.4-6.07.46-4.38,1.38-6.14c.92-1.76,2.18-3.14,3.79-4.14,1.61-1,3.48-1.5,5.61-1.5s3.93.46,5.48,1.37c1.55.91,2.75,2.18,3.61,3.82.86,1.64,1.29,3.56,1.29,5.78v1.59l-18.89.04.09-2.87h14.56c0-1.85-.56-3.34-1.67-4.46-1.11-1.12-2.6-1.68-4.46-1.68-1.41,0-2.62.31-3.63.93-1.01.62-1.77,1.53-2.3,2.73-.53,1.2-.79,2.63-.79,4.3,0,2.67.6,4.72,1.8,6.17,1.2,1.44,2.93,2.16,5.18,2.16,1.65,0,3.01-.33,4.06-1,1.05-.67,1.76-1.64,2.12-2.91h3.97c-.54,2.37-1.7,4.2-3.47,5.51-1.77,1.3-4.03,1.96-6.76,1.96Z"
                />
                <path
                  d="M218.24,564.15h-4.24v-22.25h3.83l.45,3.41c.69-1.27,1.69-2.27,3-2.98,1.31-.71,2.74-1.07,4.31-1.07,2.89,0,5.02.83,6.4,2.5,1.38,1.67,2.07,3.93,2.07,6.78v13.6h-4.24v-12.65c0-2.24-.48-3.86-1.44-4.85-.96-.99-2.25-1.48-3.88-1.48-1.98,0-3.52.65-4.62,1.96-1.1,1.3-1.65,3.05-1.65,5.23v11.78Z"
                />
                <path
                  d="M246.14,564.7c-2.34,0-4.19-.62-5.52-1.87-1.34-1.24-2.01-2.87-2.01-4.87s.72-3.66,2.16-4.89c1.44-1.23,3.46-1.95,6.04-2.16l6.94-.55v-.64c0-1.24-.23-2.24-.68-2.98-.45-.74-1.07-1.27-1.85-1.59-.78-.32-1.67-.48-2.66-.48-1.77,0-3.15.37-4.12,1.11-.98.74-1.47,1.8-1.47,3.16h-3.7c0-1.55.39-2.9,1.17-4.05.78-1.15,1.89-2.05,3.31-2.68,1.43-.64,3.09-.96,4.98-.96s3.43.33,4.8.98c1.37.65,2.43,1.64,3.2,2.96.77,1.32,1.15,2.98,1.15,4.98v13.97h-3.61l-.45-3.59c-.57,1.27-1.56,2.28-2.95,3.03-1.4.74-2.98,1.11-4.76,1.11ZM247.36,561.37c2.01,0,3.59-.61,4.73-1.84,1.14-1.23,1.71-2.89,1.71-4.98v-1.18l-5.64.46c-1.86.18-3.21.62-4.04,1.32-.83.7-1.24,1.59-1.24,2.68,0,1.18.4,2.07,1.19,2.66.8.59,1.89.89,3.27.89Z"
                />
              </g>
              <g>
                <line
                  x1=".65"
                  x2="259.96"
                  y1="407.52"
                  y2="389.39"
                />
                <rect
                  height="8.7"
                  transform="translate(-27.46 10.05) rotate(-4)"
                  width="259.94"
                  x=".34"
                  y="394.11"
                />
              </g>
              <g>
                <line
                  x1=".65"
                  x2="259.96"
                  y1="607.55"
                  y2="589.42"
                />
                <rect
                  height="8.7"
                  transform="translate(-41.4 10.54) rotate(-4)"
                  width="259.94"
                  x=".34"
                  y="594.14"
                />
              </g>
              <g>
                <line
                  x1=".3"
                  x2="259.61"
                  y1="496.88"
                  y2="515.01"
                />
                <rect
                  height="259.94"
                  transform="translate(-383.82 600.29) rotate(-86)"
                  width="8.7"
                  x="125.61"
                  y="375.98"
                />
              </g>
            </g>
          </g>
        </svg>
        <svg
          aria-hidden="true"
          class="c_icon.onAction d_block w_surface.xsmall tabletToDesktop:px_xxlarge tablet:d_none flex-sh_0 print:c_icon.strong"
          preserveAspectRatio="xMidYMid meet"
          viewBox="0 0 1104 280"
          xmlns="http://www.w3.org/2000/svg"
        >
          <g
            fill="currentColor"
          >
            <rect
              height="280"
              width="52"
            />
            <polygon
              points="97.15 39.5 52 66 191 279.77 191.12 280 260 280 260 0 207.73 0 207.73 209.54 97.15 39.5"
            />
            <path
              d="M997.7,0h-51.51l-105.73,278.52-.46,1.48h52.87l22.45-64.2h112.33l22.45,64.2h53.9L997.7,0ZM1012.95,172.44h-82.25l41.01-105.17,41.24,105.17Z"
            />
            <polygon
              points="681.18 0 629 0 629 280 797 280 797 231.99 681.18 231.99 681.18 0"
            />
            <path
              d="M432.36,0h-100.36v280h102.98c19.9,0,38.55-3.41,55.61-10.13,16.72-6.72,31.27-16.39,43.32-28.68,12.05-12.18,21.49-27.09,28.09-44.16,6.71-17.41,10.01-36.31,10.01-56.46,0-40.86-13.42-75.92-38.78-101.64C507.87,13.43,472.96,0,432.36,0ZM518.56,140.57c0,28.11-8.07,51.45-23.54,67.61-15.35,16.16-37.64,24.7-64.48,24.7h-47.6V47.12h44.87c27.86,0,50.83,8.65,66.52,24.81,15.92,16.39,24.22,40.07,24.22,68.63Z"
            />
          </g>
        </svg>
      </div>
    </div>
    <div
      class="h_120px cp-path_polygon(0_0,_100%_calc(0%_+_5vw),_100%_100%,_0_100%) bg_surface.brand.1"
    />
  </footer>
</DocumentFragment>
`;
