// Jest Snapshot v1, https://goo.gl/fbAQLP

exports[`ltiRoute 400 BAD REQUEST 1`] = `
Object {
  "data": "Bad request. Field lti_version with error: Missing required field.",
  "status": 400,
}
`;

exports[`ltiRoute 400 BAD REQUEST wrong values 1`] = `
Object {
  "data": "Bad request. Field lti_version with error: Value should be one of LTI-1p0,LTI-2p0.",
  "status": 400,
}
`;

exports[`parseAndValidateParameters errors 1`] = `
Object {
  "messages": Array [
    Object {
      "field": "lti_message_type",
      "message": "Missing required field",
    },
    Object {
      "field": "lti_version",
      "message": "Missing required field",
    },
  ],
  "valid": false,
}
`;

exports[`parseAndValidateParameters no errors 1`] = `
Object {
  "ltiData": Object {
    "launch_presentation_document_target": "iframe",
    "launch_presentation_height": "800",
    "launch_presentation_return_url": "http://ndla-api/some-return-url",
    "launch_presentation_width": "1200",
    "lti_message_type": "basic-lti-launch-request",
    "lti_version": "LTI-1p0",
  },
  "valid": true,
}
`;
